main.c:80:5:main	8	static
main.c:141:6:SystemClock_Config	88	static
main.c:186:13:MX_GPIO_Init	16	static
main.c:198:6:setPWMFrequency	24	static
main.c:204:6:setPWMDutyCycle	24	static
main.c:208:6:adjustCCR	24	static
main.c:215:6:experiment1	8	static
main.c:230:6:experiment2	16	static
main.c:238:6:experiment3	8	static
main.c:252:6:experiment4	16	static
main.c:288:6:readADC	16	static
main.c:297:6:ADC_IRQHandler	4	static
main.c:311:6:TIM4_IRQHandler	8	static
main.c:334:6:Error_Handler	4	static,ignoring_inline_asm
